#-----------------------------------------------------------
# Vivado v2017.1 (64-bit)
# SW Build 1846317 on Fri Apr 14 18:55:03 MDT 2017
# IP Build 1846188 on Fri Apr 14 20:52:08 MDT 2017
# Start of session at: Sat Dec  9 10:28:38 2017
# Process ID: 5200
# Current directory: E:/THU/ThinpadProject
# Command line: vivado.exe -gui_launcher_event rodinguilauncherevent15156 E:\THU\ThinpadProject\ThinpadProject.xpr
# Log file: E:/THU/ThinpadProject/vivado.log
# Journal file: E:/THU/ThinpadProject\vivado.jou
#-----------------------------------------------------------
start_gui
open_project E:/THU/ThinpadProject/ThinpadProject.xpr
update_compile_order -fileset sources_1
reset_run synth_1
launch_runs synth_1 -jobs 2
wait_on_run synth_1
reset_run synth_1
launch_runs synth_1 -jobs 2
wait_on_run synth_1
reset_run synth_1
launch_runs synth_1 -jobs 2
wait_on_run synth_1
reset_run synth_1
launch_runs synth_1 -jobs 2
wait_on_run synth_1
reset_run synth_1
launch_runs synth_1 -jobs 2
wait_on_run synth_1
reset_run synth_1
launch_runs synth_1 -jobs 2
wait_on_run synth_1
reset_run synth_1
launch_runs synth_1 -jobs 2
wait_on_run synth_1
close [ open E:/THU/ThinpadProject/ThinpadProject.srcs/sources_1/new/MEM_CONTROLL.vhd w ]
add_files E:/THU/ThinpadProject/ThinpadProject.srcs/sources_1/new/MEM_CONTROLL.vhd
update_compile_order -fileset sources_1
set_property file_type {VHDL 2008} [get_files  E:/THU/ThinpadProject/ThinpadProject.srcs/sources_1/new/MEM_CONTROLL.vhd]
set_property source_mgmt_mode DisplayOnly [current_project]
reorder_files -after E:/THU/ThinpadProject/ThinpadProject.srcs/sources_1/new/MIPS_CPU.vhd E:/THU/ThinpadProject/ThinpadProject.srcs/sources_1/new/MEM_CONTROLL.vhd
reset_run synth_1
launch_runs synth_1 -jobs 2
wait_on_run synth_1
close [ open E:/THU/ThinpadProject/ThinpadProject.srcs/sources_1/new/SRAM_CONTROLL.vhd w ]
add_files E:/THU/ThinpadProject/ThinpadProject.srcs/sources_1/new/SRAM_CONTROLL.vhd
set_property file_type {VHDL 2008} [get_files  E:/THU/ThinpadProject/ThinpadProject.srcs/sources_1/new/SRAM_CONTROLL.vhd]
