#-----------------------------------------------------------
# Vivado v2017.1 (64-bit)
# SW Build 1846317 on Fri Apr 14 18:55:03 MDT 2017
# IP Build 1846188 on Fri Apr 14 20:52:08 MDT 2017
# Start of session at: Sat Dec 30 13:40:55 2017
# Process ID: 10964
# Current directory: E:/wangmz/ThinpadProject
# Command line: vivado.exe -gui_launcher_event rodinguilauncherevent10416 E:\wangmz\ThinpadProject\ThinpadProject.xpr
# Log file: E:/wangmz/ThinpadProject/vivado.log
# Journal file: E:/wangmz/ThinpadProject\vivado.jou
#-----------------------------------------------------------
start_gui
open_project E:/wangmz/ThinpadProject/ThinpadProject.xpr
launch_simulation
open_wave_config E:/wangmz/ThinpadProject/MIPS_CPU_min_sopc_testbench_behav.wcfg
source MIPS_CPU_min_sopc_testbench.tcl
add_wave {{/MIPS_CPU_min_sopc_testbench/MIPS_CPU_min_sopc0/MIPS_CPU0/PAUSE_CTRL_0}} 
save_wave_config {E:/wangmz/ThinpadProject/MIPS_CPU_min_sopc_testbench_behav.wcfg}
close_sim
launch_simulation
open_wave_config E:/wangmz/ThinpadProject/MIPS_CPU_min_sopc_testbench_behav.wcfg
source MIPS_CPU_min_sopc_testbench.tcl
add_wave {{/MIPS_CPU_min_sopc_testbench/MIPS_CPU_min_sopc0/MIPS_CPU0/MEM_0}} 
save_wave_config {E:/wangmz/ThinpadProject/MIPS_CPU_min_sopc_testbench_behav.wcfg}
close_sim
launch_simulation
open_wave_config E:/wangmz/ThinpadProject/MIPS_CPU_min_sopc_testbench_behav.wcfg
source MIPS_CPU_min_sopc_testbench.tcl
add_wave {{/MIPS_CPU_min_sopc_testbench/MIPS_CPU_min_sopc0/MIPS_CPU0/EX_0}} 
save_wave_config {E:/wangmz/ThinpadProject/MIPS_CPU_min_sopc_testbench_behav.wcfg}
close_sim
launch_simulation
open_wave_config E:/wangmz/ThinpadProject/MIPS_CPU_min_sopc_testbench_behav.wcfg
source MIPS_CPU_min_sopc_testbench.tcl
add_wave {{/MIPS_CPU_min_sopc_testbench/MIPS_CPU_min_sopc0/MIPS_CPU0/ID_to_EX_0}} 
save_wave_config {E:/wangmz/ThinpadProject/MIPS_CPU_min_sopc_testbench_behav.wcfg}
close_sim
launch_simulation
open_wave_config E:/wangmz/ThinpadProject/MIPS_CPU_min_sopc_testbench_behav.wcfg
source MIPS_CPU_min_sopc_testbench.tcl
reset_run synth_1
launch_runs synth_1 -jobs 2
wait_on_run synth_1
close_sim
launch_simulation
open_wave_config E:/wangmz/ThinpadProject/MIPS_CPU_min_sopc_testbench_behav.wcfg
source MIPS_CPU_min_sopc_testbench.tcl
close_sim
close_project
open_project E:/wangmz/ThinpadProject/ThinpadProject.xpr
launch_simulation
open_wave_config E:/wangmz/ThinpadProject/MIPS_CPU_min_sopc_testbench_behav.wcfg
source MIPS_CPU_min_sopc_testbench.tcl
reset_run synth_1
launch_runs synth_1 -jobs 2
wait_on_run synth_1
close_sim
launch_simulation
open_wave_config E:/wangmz/ThinpadProject/MIPS_CPU_min_sopc_testbench_behav.wcfg
source MIPS_CPU_min_sopc_testbench.tcl
reset_run synth_1
launch_runs synth_1 -jobs 2
wait_on_run synth_1
close_sim
launch_simulation
open_wave_config E:/wangmz/ThinpadProject/MIPS_CPU_min_sopc_testbench_behav.wcfg
source MIPS_CPU_min_sopc_testbench.tcl
add_wave {{/MIPS_CPU_min_sopc_testbench/MIPS_CPU_min_sopc0/MIPS_CPU0/PAUSE_CTRL_0}} 
save_wave_config {E:/wangmz/ThinpadProject/MIPS_CPU_min_sopc_testbench_behav.wcfg}
add_wave {{/MIPS_CPU_min_sopc_testbench/MIPS_CPU_min_sopc0/MIPS_CPU0/ID_0}} 
add_wave {{/MIPS_CPU_min_sopc_testbench/MIPS_CPU_min_sopc0/MIPS_CPU0/EX_0}} 
launch_runs impl_2 -jobs 2
wait_on_run impl_2
save_wave_config {E:/wangmz/ThinpadProject/MIPS_CPU_min_sopc_testbench_behav.wcfg}
close_sim
launch_simulation
open_wave_config E:/wangmz/ThinpadProject/MIPS_CPU_min_sopc_testbench_behav.wcfg
source MIPS_CPU_min_sopc_testbench.tcl
add_wave {{/MIPS_CPU_min_sopc_testbench/MIPS_CPU_min_sopc0/MIPS_CPU0/MEM_0/cp0_epc_o}} 
save_wave_config {E:/wangmz/ThinpadProject/MIPS_CPU_min_sopc_testbench_behav.wcfg}
close_sim
launch_simulation
open_wave_config E:/wangmz/ThinpadProject/MIPS_CPU_min_sopc_testbench_behav.wcfg
source MIPS_CPU_min_sopc_testbench.tcl
reset_run synth_1
launch_runs synth_1 -jobs 2
wait_on_run synth_1
