#-----------------------------------------------------------
# Vivado v2017.1 (64-bit)
# SW Build 1846317 on Fri Apr 14 18:55:03 MDT 2017
# IP Build 1846188 on Fri Apr 14 20:52:08 MDT 2017
# Start of session at: Sat Dec 16 09:17:07 2017
# Process ID: 7504
# Current directory: E:/THU/ThinpadProject
# Command line: vivado.exe -gui_launcher_event rodinguilauncherevent17576 E:\THU\ThinpadProject\ThinpadProject.xpr
# Log file: E:/THU/ThinpadProject/vivado.log
# Journal file: E:/THU/ThinpadProject\vivado.jou
#-----------------------------------------------------------
start_gui
open_project E:/THU/ThinpadProject/ThinpadProject.xpr
reset_run synth_1
launch_runs synth_1 -jobs 2
wait_on_run synth_1
launch_runs impl_2 -jobs 2
wait_on_run impl_2
launch_runs impl_2 -to_step write_bitstream -jobs 2
wait_on_run impl_2
reset_run synth_1
launch_runs synth_1 -jobs 2
wait_on_run synth_1
launch_runs impl_2 -jobs 2
wait_on_run impl_2
launch_runs impl_2 -to_step write_bitstream -jobs 2
wait_on_run impl_2
reset_run synth_1
launch_runs synth_1 -jobs 2
wait_on_run synth_1
launch_runs impl_2 -jobs 2
wait_on_run impl_2
launch_runs impl_2 -to_step write_bitstream -jobs 2
wait_on_run impl_2
reset_run synth_1
launch_runs synth_1 -jobs 2
wait_on_run synth_1
launch_runs impl_2 -jobs 2
wait_on_run impl_2
launch_runs impl_2 -to_step write_bitstream -jobs 2
wait_on_run impl_2
reset_run synth_1
launch_runs synth_1 -jobs 2
wait_on_run synth_1
reset_run synth_1
launch_runs synth_1 -jobs 2
wait_on_run synth_1
launch_runs impl_2 -jobs 2
wait_on_run impl_2
launch_runs impl_2 -to_step write_bitstream -jobs 2
wait_on_run impl_2
reset_run synth_1
launch_runs synth_1 -jobs 2
wait_on_run synth_1
launch_runs impl_2 -jobs 2
wait_on_run impl_2
launch_runs impl_2 -to_step write_bitstream -jobs 2
wait_on_run impl_2
reset_run synth_1
launch_runs synth_1 -jobs 2
wait_on_run synth_1
reset_run synth_1
launch_runs synth_1 -jobs 2
wait_on_run synth_1
reset_run synth_1
launch_runs synth_1 -jobs 2
wait_on_run synth_1
reset_run synth_1
launch_runs synth_1 -jobs 2
wait_on_run synth_1
reset_run synth_1
launch_runs synth_1 -jobs 2
wait_on_run synth_1
launch_runs impl_2 -jobs 2
wait_on_run impl_2
launch_runs impl_2 -to_step write_bitstream -jobs 2
wait_on_run impl_2
reset_run synth_1
launch_runs synth_1 -jobs 2
wait_on_run synth_1
launch_runs impl_2 -jobs 2
wait_on_run impl_2
launch_runs impl_2 -to_step write_bitstream -jobs 2
wait_on_run impl_2
reset_run synth_1
launch_runs synth_1 -jobs 2
wait_on_run synth_1
launch_runs impl_2 -jobs 2
wait_on_run impl_2
launch_runs impl_2 -to_step write_bitstream -jobs 2
wait_on_run impl_2
reset_run synth_1
launch_runs synth_1 -jobs 2
wait_on_run synth_1
launch_runs impl_2 -jobs 2
wait_on_run impl_2
launch_runs impl_2 -to_step write_bitstream -jobs 2
wait_on_run impl_2
reset_run synth_1
launch_runs synth_1 -jobs 2
wait_on_run synth_1
launch_runs impl_2 -jobs 2
wait_on_run impl_2
launch_runs impl_2 -to_step write_bitstream -jobs 2
wait_on_run impl_2
reset_run synth_1
launch_runs synth_1 -jobs 2
wait_on_run synth_1
launch_runs impl_2 -jobs 2
wait_on_run impl_2
launch_runs impl_2 -to_step write_bitstream -jobs 2
wait_on_run impl_2
reset_run synth_1
launch_runs synth_1 -jobs 2
wait_on_run synth_1
reset_run synth_1
launch_runs synth_1 -jobs 2
wait_on_run synth_1
launch_runs impl_2 -jobs 2
wait_on_run impl_2
launch_runs impl_2 -to_step write_bitstream -jobs 2
wait_on_run impl_2
reset_run synth_1
launch_runs synth_1 -jobs 2
wait_on_run synth_1
reset_run synth_1
launch_runs synth_1 -jobs 2
wait_on_run synth_1
launch_runs impl_2 -jobs 2
wait_on_run impl_2
launch_runs impl_2 -to_step write_bitstream -jobs 2
wait_on_run impl_2
