#-----------------------------------------------------------
# Vivado v2017.1 (64-bit)
# SW Build 1846317 on Fri Apr 14 18:55:03 MDT 2017
# IP Build 1846188 on Fri Apr 14 20:52:08 MDT 2017
# Start of session at: Fri Dec 15 08:52:49 2017
# Process ID: 1396
# Current directory: E:/THU/ThinpadProject
# Command line: vivado.exe -gui_launcher_event rodinguilauncherevent14084 E:\THU\ThinpadProject\ThinpadProject.xpr
# Log file: E:/THU/ThinpadProject/vivado.log
# Journal file: E:/THU/ThinpadProject\vivado.jou
#-----------------------------------------------------------
start_gui
open_project E:/THU/ThinpadProject/ThinpadProject.xpr
reset_run synth_1
launch_runs synth_1 -jobs 2
wait_on_run synth_1
launch_runs impl_2 -jobs 2
wait_on_run impl_2
launch_runs impl_2 -to_step write_bitstream -jobs 2
wait_on_run impl_2
reset_run synth_1
launch_runs synth_1 -jobs 2
wait_on_run synth_1
launch_runs impl_2 -jobs 2
wait_on_run impl_2
launch_runs impl_2 -to_step write_bitstream -jobs 2
wait_on_run impl_2
reset_run synth_1
launch_runs synth_1 -jobs 2
wait_on_run synth_1
launch_runs impl_2 -jobs 2
wait_on_run impl_2
launch_runs impl_2 -to_step write_bitstream -jobs 2
wait_on_run impl_2
reset_run synth_1
launch_runs synth_1 -jobs 2
wait_on_run synth_1
launch_runs impl_2 -jobs 2
wait_on_run impl_2
launch_runs impl_2 -to_step write_bitstream -jobs 2
wait_on_run impl_2
reset_run synth_1
launch_runs synth_1 -jobs 2
wait_on_run synth_1
launch_runs impl_2 -jobs 2
wait_on_run impl_2
open_run impl_2
launch_runs impl_2 -to_step write_bitstream -jobs 2
wait_on_run impl_2
reset_run synth_1
launch_runs synth_1 -jobs 2
wait_on_run synth_1
launch_runs impl_2 -jobs 2
wait_on_run impl_2
launch_runs impl_2 -to_step write_bitstream -jobs 2
wait_on_run impl_2
reset_run synth_1
launch_runs synth_1 -jobs 2
wait_on_run synth_1
launch_runs impl_2 -jobs 2
wait_on_run impl_2
launch_runs impl_2 -to_step write_bitstream -jobs 2
wait_on_run impl_2
reset_run synth_1
launch_runs synth_1 -jobs 2
wait_on_run synth_1
launch_runs impl_2 -jobs 2
wait_on_run impl_2
launch_runs impl_2 -to_step write_bitstream -jobs 2
wait_on_run impl_2
reset_run synth_1
launch_runs synth_1 -jobs 2
wait_on_run synth_1
launch_runs impl_2 -jobs 2
wait_on_run impl_2
launch_runs impl_2 -to_step write_bitstream -jobs 2
wait_on_run impl_2
reset_run synth_1
launch_runs synth_1 -jobs 2
wait_on_run synth_1
launch_runs impl_2 -jobs 2
wait_on_run impl_2
launch_runs impl_2 -to_step write_bitstream -jobs 2
wait_on_run impl_2
reset_run synth_1
launch_runs synth_1 -jobs 2
wait_on_run synth_1
reset_run synth_1
launch_runs synth_1 -jobs 2
wait_on_run synth_1
reset_run synth_1
launch_runs synth_1 -jobs 2
wait_on_run synth_1
launch_runs impl_2 -jobs 2
wait_on_run impl_2
launch_runs impl_2 -to_step write_bitstream -jobs 2
wait_on_run impl_2
reset_run synth_1
launch_runs synth_1 -jobs 2
wait_on_run synth_1
launch_runs impl_2 -jobs 2
wait_on_run impl_2
launch_runs impl_2 -to_step write_bitstream -jobs 2
wait_on_run impl_2
reset_run synth_1
launch_runs synth_1 -jobs 2
wait_on_run synth_1
launch_runs impl_2 -jobs 2
wait_on_run impl_2
launch_runs impl_2 -to_step write_bitstream -jobs 2
wait_on_run impl_2
reset_run synth_1
launch_runs synth_1 -jobs 2
wait_on_run synth_1
launch_runs impl_2 -jobs 2
wait_on_run impl_2
reset_run synth_1
launch_runs synth_1 -jobs 2
wait_on_run synth_1
launch_runs impl_2 -jobs 2
wait_on_run impl_2
reset_run synth_1
launch_runs synth_1 -jobs 2
wait_on_run synth_1
synth_design -rtl -name rtl_1
reset_run synth_1
launch_runs synth_1 -jobs 2
wait_on_run synth_1
launch_runs impl_2 -jobs 2
wait_on_run impl_2
refresh_design
launch_runs impl_2 -to_step write_bitstream -jobs 2
wait_on_run impl_2
close_design
reset_run synth_1
launch_runs synth_1 -jobs 2
wait_on_run synth_1
reset_run synth_1
launch_runs synth_1 -jobs 2
wait_on_run synth_1
launch_runs impl_2 -jobs 2
wait_on_run impl_2
reset_run synth_1
launch_runs synth_1 -jobs 2
wait_on_run synth_1
launch_runs impl_2 -jobs 2
wait_on_run impl_2
synth_design -rtl -name rtl_1
close_design
reset_run synth_1
launch_runs synth_1 -jobs 2
wait_on_run synth_1
launch_runs impl_2 -jobs 2
wait_on_run impl_2
launch_runs impl_2 -to_step write_bitstream -jobs 2
wait_on_run impl_2
reset_run synth_1
launch_runs synth_1 -jobs 2
wait_on_run synth_1
launch_runs impl_2 -jobs 2
wait_on_run impl_2
launch_runs impl_2 -to_step write_bitstream -jobs 2
wait_on_run impl_2
launch_simulation
launch_simulation
reset_run synth_1
launch_runs synth_1 -jobs 2
wait_on_run synth_1
launch_simulation
reset_run synth_1
launch_runs synth_1 -jobs 2
wait_on_run synth_1
launch_runs impl_2 -jobs 2
wait_on_run impl_2
reset_run synth_1
launch_runs synth_1 -jobs 2
wait_on_run synth_1
launch_runs impl_2 -jobs 2
wait_on_run impl_2
reset_run synth_1
launch_runs synth_1 -jobs 2
wait_on_run synth_1
reset_run synth_1
launch_runs synth_1 -jobs 2
wait_on_run synth_1
launch_runs impl_2 -jobs 2
wait_on_run impl_2
launch_runs impl_2 -to_step write_bitstream -jobs 2
wait_on_run impl_2
reset_run synth_1
launch_runs synth_1 -jobs 2
wait_on_run synth_1
launch_runs impl_2 -jobs 2
wait_on_run impl_2
launch_runs impl_2 -to_step write_bitstream -jobs 2
wait_on_run impl_2
reset_run synth_1
launch_runs synth_1 -jobs 2
wait_on_run synth_1
launch_runs impl_2 -jobs 2
wait_on_run impl_2
launch_runs impl_2 -to_step write_bitstream -jobs 2
wait_on_run impl_2
reset_run synth_1
launch_runs synth_1 -jobs 2
wait_on_run synth_1
launch_runs impl_2 -jobs 2
wait_on_run impl_2
launch_runs impl_2 -to_step write_bitstream -jobs 2
wait_on_run impl_2
reset_run synth_1
launch_runs synth_1 -jobs 2
wait_on_run synth_1
launch_runs impl_2 -jobs 2
wait_on_run impl_2
launch_runs impl_2 -to_step write_bitstream -jobs 2
wait_on_run impl_2
reset_run synth_1
launch_runs synth_1 -jobs 2
wait_on_run synth_1
launch_runs impl_2 -jobs 2
wait_on_run impl_2
launch_runs impl_2 -to_step write_bitstream -jobs 2
wait_on_run impl_2
reset_run synth_1
launch_runs synth_1 -jobs 2
wait_on_run synth_1
launch_runs impl_2 -jobs 2
wait_on_run impl_2
launch_runs impl_2 -to_step write_bitstream -jobs 2
wait_on_run impl_2
reset_run synth_1
launch_runs synth_1 -jobs 2
wait_on_run synth_1
reset_run synth_1
launch_runs synth_1 -jobs 2
wait_on_run synth_1
launch_runs impl_2 -jobs 2
wait_on_run impl_2
reset_run synth_1
launch_runs synth_1 -jobs 2
wait_on_run synth_1
launch_runs impl_2 -jobs 2
wait_on_run impl_2
reset_run synth_1
launch_runs synth_1 -jobs 2
wait_on_run synth_1
reset_run synth_1
launch_runs synth_1 -jobs 2
wait_on_run synth_1
reset_run synth_1
launch_runs synth_1 -jobs 2
wait_on_run synth_1
reset_run synth_1
launch_runs synth_1 -jobs 2
wait_on_run synth_1
launch_runs impl_2 -jobs 2
wait_on_run impl_2
reset_run synth_1
launch_runs synth_1 -jobs 2
wait_on_run synth_1
reset_run synth_1
launch_runs synth_1 -jobs 2
wait_on_run synth_1
reset_run synth_1
launch_runs synth_1 -jobs 2
wait_on_run synth_1
launch_runs impl_2 -jobs 2
wait_on_run impl_2
launch_runs impl_2 -to_step write_bitstream -jobs 2
wait_on_run impl_2
reset_run synth_1
launch_runs synth_1 -jobs 2
wait_on_run synth_1
launch_runs impl_2 -jobs 2
wait_on_run impl_2
launch_runs impl_2 -to_step write_bitstream -jobs 2
wait_on_run impl_2
