Copyright 1986-2017 Xilinx, Inc. All Rights Reserved.
------------------------------------------------------------------------------------------------------------------
| Tool Version : Vivado v.2017.1 (win64) Build 1846317 Fri Apr 14 18:55:03 MDT 2017
| Date         : Thu Jan  4 17:30:34 2018
| Host         : LAPTOP-QH5RPP8J running 64-bit major release  (build 9200)
| Command      : report_drc -file MIPS_CPU_drc_routed.rpt -pb MIPS_CPU_drc_routed.pb -rpx MIPS_CPU_drc_routed.rpx
| Design       : MIPS_CPU
| Device       : xc7a100tfgg676-2L
| Speed File   : -2L
| Design State : Routed
------------------------------------------------------------------------------------------------------------------

Report DRC

Table of Contents
-----------------
1. REPORT SUMMARY
2. REPORT DETAILS

1. REPORT SUMMARY
-----------------
            Netlist: netlist
          Floorplan: design_1
      Design limits: <entire design considered>
           Ruledeck: default
             Max violations: <unlimited>
             Violations found: 41
+----------+----------+-------------------------------------------------+------------+
| Rule     | Severity | Description                                     | Violations |
+----------+----------+-------------------------------------------------+------------+
| CKLD-1   | Warning  | Clock Net has non-BUF driver and too many loads | 1          |
| DPIP-1   | Warning  | Input pipelining                                | 8          |
| DPOP-1   | Warning  | PREG Output pipelining                          | 8          |
| DPOP-2   | Warning  | MREG Output pipelining                          | 8          |
| PDRC-153 | Warning  | Gated clock check                               | 16         |
+----------+----------+-------------------------------------------------+------------+

2. REPORT DETAILS
-----------------
CKLD-1#1 Warning
Clock Net has non-BUF driver and too many loads  
Clock net CLOCK/inst/locked is not driven by a Clock Buffer and has more than 512 loads. Driver(s): CLOCK/inst/mmcm_adv_inst/LOCKED
Related violations: <none>

DPIP-1#1 Warning
Input pipelining  
DSP EX_0/L0 input EX_0/L0/A[29:0] is not pipelined. Pipelining DSP48 input will improve performance.
Related violations: <none>

DPIP-1#2 Warning
Input pipelining  
DSP EX_0/L0 input EX_0/L0/B[17:0] is not pipelined. Pipelining DSP48 input will improve performance.
Related violations: <none>

DPIP-1#3 Warning
Input pipelining  
DSP EX_0/L0__0 input EX_0/L0__0/A[29:0] is not pipelined. Pipelining DSP48 input will improve performance.
Related violations: <none>

DPIP-1#4 Warning
Input pipelining  
DSP EX_0/L0__0 input EX_0/L0__0/B[17:0] is not pipelined. Pipelining DSP48 input will improve performance.
Related violations: <none>

DPIP-1#5 Warning
Input pipelining  
DSP EX_0/L0__1 input EX_0/L0__1/A[29:0] is not pipelined. Pipelining DSP48 input will improve performance.
Related violations: <none>

DPIP-1#6 Warning
Input pipelining  
DSP EX_0/L0__1 input EX_0/L0__1/B[17:0] is not pipelined. Pipelining DSP48 input will improve performance.
Related violations: <none>

DPIP-1#7 Warning
Input pipelining  
DSP EX_0/L0__2 input EX_0/L0__2/A[29:0] is not pipelined. Pipelining DSP48 input will improve performance.
Related violations: <none>

DPIP-1#8 Warning
Input pipelining  
DSP EX_0/L0__2 input EX_0/L0__2/B[17:0] is not pipelined. Pipelining DSP48 input will improve performance.
Related violations: <none>

DPOP-1#1 Warning
PREG Output pipelining  
DSP EX_0/L0 output EX_0/L0/P[47:0] is not pipelined (PREG=0). Pipelining the DSP48 output will improve performance and often saves power so it is suggested whenever possible to fully pipeline this function.  If this DSP48 function was inferred, it is suggested to describe an additional register stage after this function.  If the DSP48 was instantiated in the design, it is suggested to set the PREG attribute to 1.
Related violations: <none>

DPOP-1#2 Warning
PREG Output pipelining  
DSP EX_0/L0__0 output EX_0/L0__0/P[47:0] is not pipelined (PREG=0). Pipelining the DSP48 output will improve performance and often saves power so it is suggested whenever possible to fully pipeline this function.  If this DSP48 function was inferred, it is suggested to describe an additional register stage after this function.  If the DSP48 was instantiated in the design, it is suggested to set the PREG attribute to 1.
Related violations: <none>

DPOP-1#3 Warning
PREG Output pipelining  
DSP EX_0/L0__1 output EX_0/L0__1/P[47:0] is not pipelined (PREG=0). Pipelining the DSP48 output will improve performance and often saves power so it is suggested whenever possible to fully pipeline this function.  If this DSP48 function was inferred, it is suggested to describe an additional register stage after this function.  If the DSP48 was instantiated in the design, it is suggested to set the PREG attribute to 1.
Related violations: <none>

DPOP-1#4 Warning
PREG Output pipelining  
DSP EX_0/L0__2 output EX_0/L0__2/P[47:0] is not pipelined (PREG=0). Pipelining the DSP48 output will improve performance and often saves power so it is suggested whenever possible to fully pipeline this function.  If this DSP48 function was inferred, it is suggested to describe an additional register stage after this function.  If the DSP48 was instantiated in the design, it is suggested to set the PREG attribute to 1.
Related violations: <none>

DPOP-1#5 Warning
PREG Output pipelining  
DSP EX_0/hi0 output EX_0/hi0/P[47:0] is not pipelined (PREG=0). Pipelining the DSP48 output will improve performance and often saves power so it is suggested whenever possible to fully pipeline this function.  If this DSP48 function was inferred, it is suggested to describe an additional register stage after this function.  If the DSP48 was instantiated in the design, it is suggested to set the PREG attribute to 1.
Related violations: <none>

DPOP-1#6 Warning
PREG Output pipelining  
DSP EX_0/hi0__0 output EX_0/hi0__0/P[47:0] is not pipelined (PREG=0). Pipelining the DSP48 output will improve performance and often saves power so it is suggested whenever possible to fully pipeline this function.  If this DSP48 function was inferred, it is suggested to describe an additional register stage after this function.  If the DSP48 was instantiated in the design, it is suggested to set the PREG attribute to 1.
Related violations: <none>

DPOP-1#7 Warning
PREG Output pipelining  
DSP EX_0/hi0__1 output EX_0/hi0__1/P[47:0] is not pipelined (PREG=0). Pipelining the DSP48 output will improve performance and often saves power so it is suggested whenever possible to fully pipeline this function.  If this DSP48 function was inferred, it is suggested to describe an additional register stage after this function.  If the DSP48 was instantiated in the design, it is suggested to set the PREG attribute to 1.
Related violations: <none>

DPOP-1#8 Warning
PREG Output pipelining  
DSP EX_0/hi0__2 output EX_0/hi0__2/P[47:0] is not pipelined (PREG=0). Pipelining the DSP48 output will improve performance and often saves power so it is suggested whenever possible to fully pipeline this function.  If this DSP48 function was inferred, it is suggested to describe an additional register stage after this function.  If the DSP48 was instantiated in the design, it is suggested to set the PREG attribute to 1.
Related violations: <none>

DPOP-2#1 Warning
MREG Output pipelining  
DSP EX_0/L0 multiplier stage EX_0/L0/P[47:0] is not pipelined (MREG=0). Pipelining the multiplier function will improve performance and will save significant power so it is suggested whenever possible to fully pipeline this function.  If this multiplier was inferred, it is suggested to describe an additional register stage after this function.  If there is no registered adder/accumulator following the multiply function, two pipeline stages are suggested to allow both the MREG and PREG registers to be used.  If the DSP48 was instantiated in the design, it is suggested to set both the MREG and PREG attributes to 1 when performing multiply functions.
Related violations: <none>

DPOP-2#2 Warning
MREG Output pipelining  
DSP EX_0/L0__0 multiplier stage EX_0/L0__0/P[47:0] is not pipelined (MREG=0). Pipelining the multiplier function will improve performance and will save significant power so it is suggested whenever possible to fully pipeline this function.  If this multiplier was inferred, it is suggested to describe an additional register stage after this function.  If there is no registered adder/accumulator following the multiply function, two pipeline stages are suggested to allow both the MREG and PREG registers to be used.  If the DSP48 was instantiated in the design, it is suggested to set both the MREG and PREG attributes to 1 when performing multiply functions.
Related violations: <none>

DPOP-2#3 Warning
MREG Output pipelining  
DSP EX_0/L0__1 multiplier stage EX_0/L0__1/P[47:0] is not pipelined (MREG=0). Pipelining the multiplier function will improve performance and will save significant power so it is suggested whenever possible to fully pipeline this function.  If this multiplier was inferred, it is suggested to describe an additional register stage after this function.  If there is no registered adder/accumulator following the multiply function, two pipeline stages are suggested to allow both the MREG and PREG registers to be used.  If the DSP48 was instantiated in the design, it is suggested to set both the MREG and PREG attributes to 1 when performing multiply functions.
Related violations: <none>

DPOP-2#4 Warning
MREG Output pipelining  
DSP EX_0/L0__2 multiplier stage EX_0/L0__2/P[47:0] is not pipelined (MREG=0). Pipelining the multiplier function will improve performance and will save significant power so it is suggested whenever possible to fully pipeline this function.  If this multiplier was inferred, it is suggested to describe an additional register stage after this function.  If there is no registered adder/accumulator following the multiply function, two pipeline stages are suggested to allow both the MREG and PREG registers to be used.  If the DSP48 was instantiated in the design, it is suggested to set both the MREG and PREG attributes to 1 when performing multiply functions.
Related violations: <none>

DPOP-2#5 Warning
MREG Output pipelining  
DSP EX_0/hi0 multiplier stage EX_0/hi0/P[47:0] is not pipelined (MREG=0). Pipelining the multiplier function will improve performance and will save significant power so it is suggested whenever possible to fully pipeline this function.  If this multiplier was inferred, it is suggested to describe an additional register stage after this function.  If there is no registered adder/accumulator following the multiply function, two pipeline stages are suggested to allow both the MREG and PREG registers to be used.  If the DSP48 was instantiated in the design, it is suggested to set both the MREG and PREG attributes to 1 when performing multiply functions.
Related violations: <none>

DPOP-2#6 Warning
MREG Output pipelining  
DSP EX_0/hi0__0 multiplier stage EX_0/hi0__0/P[47:0] is not pipelined (MREG=0). Pipelining the multiplier function will improve performance and will save significant power so it is suggested whenever possible to fully pipeline this function.  If this multiplier was inferred, it is suggested to describe an additional register stage after this function.  If there is no registered adder/accumulator following the multiply function, two pipeline stages are suggested to allow both the MREG and PREG registers to be used.  If the DSP48 was instantiated in the design, it is suggested to set both the MREG and PREG attributes to 1 when performing multiply functions.
Related violations: <none>

DPOP-2#7 Warning
MREG Output pipelining  
DSP EX_0/hi0__1 multiplier stage EX_0/hi0__1/P[47:0] is not pipelined (MREG=0). Pipelining the multiplier function will improve performance and will save significant power so it is suggested whenever possible to fully pipeline this function.  If this multiplier was inferred, it is suggested to describe an additional register stage after this function.  If there is no registered adder/accumulator following the multiply function, two pipeline stages are suggested to allow both the MREG and PREG registers to be used.  If the DSP48 was instantiated in the design, it is suggested to set both the MREG and PREG attributes to 1 when performing multiply functions.
Related violations: <none>

DPOP-2#8 Warning
MREG Output pipelining  
DSP EX_0/hi0__2 multiplier stage EX_0/hi0__2/P[47:0] is not pipelined (MREG=0). Pipelining the multiplier function will improve performance and will save significant power so it is suggested whenever possible to fully pipeline this function.  If this multiplier was inferred, it is suggested to describe an additional register stage after this function.  If there is no registered adder/accumulator following the multiply function, two pipeline stages are suggested to allow both the MREG and PREG registers to be used.  If the DSP48 was instantiated in the design, it is suggested to set both the MREG and PREG attributes to 1 when performing multiply functions.
Related violations: <none>

PDRC-153#1 Warning
Gated clock check  
Net ID_to_EX_0/reg_wt_data_o_reg[22][0] is a gated clock net sourced by a combinational pin ID_to_EX_0/cp0_reg_read_addr_o_reg[4]_i_1/O, cell ID_to_EX_0/cp0_reg_read_addr_o_reg[4]_i_1. This is not good design practice and will likely impact performance. For SLICE registers, for example, use the CE pin to control the loading of data.
Related violations: <none>

PDRC-153#2 Warning
Gated clock check  
Net IF_to_ID_0/E[0] is a gated clock net sourced by a combinational pin IF_to_ID_0/extended_imm_reg[31]_i_2/O, cell IF_to_ID_0/extended_imm_reg[31]_i_2. This is not good design practice and will likely impact performance. For SLICE registers, for example, use the CE pin to control the loading of data.
Related violations: <none>

PDRC-153#3 Warning
Gated clock check  
Net MEM_CONTROLL_0/data_o_reg[31]_i_2__0_n_11 is a gated clock net sourced by a combinational pin MEM_CONTROLL_0/data_o_reg[31]_i_2__0/O, cell MEM_CONTROLL_0/data_o_reg[31]_i_2__0. This is not good design practice and will likely impact performance. For SLICE registers, for example, use the CE pin to control the loading of data.
Related violations: <none>

PDRC-153#4 Warning
Gated clock check  
Net MEM_CONTROLL_0/inst_o_reg[0]_2[0] is a gated clock net sourced by a combinational pin MEM_CONTROLL_0/data_o_reg[31]_i_2__1/O, cell MEM_CONTROLL_0/data_o_reg[31]_i_2__1. This is not good design practice and will likely impact performance. For SLICE registers, for example, use the CE pin to control the loading of data.
Related violations: <none>

PDRC-153#5 Warning
Gated clock check  
Net MEM_CONTROLL_0/inst_o_reg[0]_3[0] is a gated clock net sourced by a combinational pin MEM_CONTROLL_0/data_o_reg[31]_i_1__2/O, cell MEM_CONTROLL_0/data_o_reg[31]_i_1__2. This is not good design practice and will likely impact performance. For SLICE registers, for example, use the CE pin to control the loading of data.
Related violations: <none>

PDRC-153#6 Warning
Gated clock check  
Net MEM_CONTROLL_0/inst_o_reg[0]_4[0] is a gated clock net sourced by a combinational pin MEM_CONTROLL_0/data_o_reg[31]_i_1__3/O, cell MEM_CONTROLL_0/data_o_reg[31]_i_1__3. This is not good design practice and will likely impact performance. For SLICE registers, for example, use the CE pin to control the loading of data.
Related violations: <none>

PDRC-153#7 Warning
Gated clock check  
Net MEM_CONTROLL_0/inst_o_reg[31]_3[0] is a gated clock net sourced by a combinational pin MEM_CONTROLL_0/leds_o_reg[31]_i_1/O, cell MEM_CONTROLL_0/leds_o_reg[31]_i_1. This is not good design practice and will likely impact performance. For SLICE registers, for example, use the CE pin to control the loading of data.
Related violations: <none>

PDRC-153#8 Warning
Gated clock check  
Net MEM_CONTROLL_0/inst_o_reg[7][0] is a gated clock net sourced by a combinational pin MEM_CONTROLL_0/data_from_serial_o_reg[7]_i_2/O, cell MEM_CONTROLL_0/data_from_serial_o_reg[7]_i_2. This is not good design practice and will likely impact performance. For SLICE registers, for example, use the CE pin to control the loading of data.
Related violations: <none>

PDRC-153#9 Warning
Gated clock check  
Net MEM_CONTROLL_0/inst_pause_o_reg_i_2_n_11 is a gated clock net sourced by a combinational pin MEM_CONTROLL_0/inst_pause_o_reg_i_2/O, cell MEM_CONTROLL_0/inst_pause_o_reg_i_2. This is not good design practice and will likely impact performance. For SLICE registers, for example, use the CE pin to control the loading of data.
Related violations: <none>

PDRC-153#10 Warning
Gated clock check  
Net MEM_CONTROLL_0/leds_OBUF[1] is a gated clock net sourced by a combinational pin MEM_CONTROLL_0/leds_OBUF[15]_inst_i_1/O, cell MEM_CONTROLL_0/leds_OBUF[15]_inst_i_1. This is not good design practice and will likely impact performance. For SLICE registers, for example, use the CE pin to control the loading of data.
Related violations: <none>

PDRC-153#11 Warning
Gated clock check  
Net MEM_CONTROLL_0/mem_pause_o_reg_i_2_n_11 is a gated clock net sourced by a combinational pin MEM_CONTROLL_0/mem_pause_o_reg_i_2/O, cell MEM_CONTROLL_0/mem_pause_o_reg_i_2. This is not good design practice and will likely impact performance. For SLICE registers, for example, use the CE pin to control the loading of data.
Related violations: <none>

PDRC-153#12 Warning
Gated clock check  
Net MEM_CONTROLL_0/ram1_addr_o[0][0] is a gated clock net sourced by a combinational pin MEM_CONTROLL_0/ram_addr_o_reg[19]_i_2/O, cell MEM_CONTROLL_0/ram_addr_o_reg[19]_i_2. This is not good design practice and will likely impact performance. For SLICE registers, for example, use the CE pin to control the loading of data.
Related violations: <none>

PDRC-153#13 Warning
Gated clock check  
Net MEM_CONTROLL_0/ram2_addr_o[0][0] is a gated clock net sourced by a combinational pin MEM_CONTROLL_0/ram_addr_o_reg[19]_i_2__0/O, cell MEM_CONTROLL_0/ram_addr_o_reg[19]_i_2__0. This is not good design practice and will likely impact performance. For SLICE registers, for example, use the CE pin to control the loading of data.
Related violations: <none>

PDRC-153#14 Warning
Gated clock check  
Net MEM_CONTROLL_0/ram2_addr_o[0]_0[0] is a gated clock net sourced by a combinational pin MEM_CONTROLL_0/addr_reg[19]_i_2/O, cell MEM_CONTROLL_0/addr_reg[19]_i_2. This is not good design practice and will likely impact performance. For SLICE registers, for example, use the CE pin to control the loading of data.
Related violations: <none>

PDRC-153#15 Warning
Gated clock check  
Net MEM_CONTROLL_0/state_reg[1]_i_2_n_11 is a gated clock net sourced by a combinational pin MEM_CONTROLL_0/state_reg[1]_i_2/O, cell MEM_CONTROLL_0/state_reg[1]_i_2. This is not good design practice and will likely impact performance. For SLICE registers, for example, use the CE pin to control the loading of data.
Related violations: <none>

PDRC-153#16 Warning
Gated clock check  
Net MEM_to_WB_0/cause_o_reg[4]_0 is a gated clock net sourced by a combinational pin MEM_to_WB_0/cp0_cause_reg[10]_i_1/O, cell MEM_to_WB_0/cp0_cause_reg[10]_i_1. This is not good design practice and will likely impact performance. For SLICE registers, for example, use the CE pin to control the loading of data.
Related violations: <none>


